[2026-03-25T22:31:37.722+0900][0.009s][info][gc,init] CardTable entry size: 512
[2026-03-25T22:31:37.723+0900][0.009s][info][gc     ] Using G1
[2026-03-25T22:31:37.724+0900][0.010s][info][gc,init] Version: 20.0.2+9-78 (release)
[2026-03-25T22:31:37.724+0900][0.010s][info][gc,init] CPUs: 16 total, 16 available
[2026-03-25T22:31:37.724+0900][0.010s][info][gc,init] Memory: 32612M
[2026-03-25T22:31:37.724+0900][0.010s][info][gc,init] Large Page Support: Disabled
[2026-03-25T22:31:37.724+0900][0.010s][info][gc,init] NUMA Support: Disabled
[2026-03-25T22:31:37.724+0900][0.010s][info][gc,init] Compressed Oops: Enabled (32-bit)
[2026-03-25T22:31:37.724+0900][0.010s][info][gc,init] Heap Region Size: 4M
[2026-03-25T22:31:37.724+0900][0.010s][info][gc,init] Heap Min Capacity: 256M
[2026-03-25T22:31:37.724+0900][0.010s][info][gc,init] Heap Initial Capacity: 256M
[2026-03-25T22:31:37.724+0900][0.010s][info][gc,init] Heap Max Capacity: 512M
[2026-03-25T22:31:37.724+0900][0.010s][info][gc,init] Pre-touch: Disabled
[2026-03-25T22:31:37.724+0900][0.010s][info][gc,init] Parallel Workers: 13
[2026-03-25T22:31:37.724+0900][0.010s][info][gc,init] Concurrent Workers: 3
[2026-03-25T22:31:37.724+0900][0.010s][info][gc,init] Concurrent Refinement Workers: 13
[2026-03-25T22:31:37.724+0900][0.010s][info][gc,init] Periodic GC: Disabled
[2026-03-25T22:31:37.731+0900][0.017s][info][gc,metaspace] CDS archive(s) mapped at: [0x000001f102800000-0x000001f103460000-0x000001f103460000), size 12976128, SharedBaseAddress: 0x000001f102800000, ArchiveRelocationMode: 1.
[2026-03-25T22:31:37.731+0900][0.018s][info][gc,metaspace] Compressed class space mapped at: 0x000001f103800000-0x000001f143800000, reserved size: 1073741824
[2026-03-25T22:31:37.731+0900][0.018s][info][gc,metaspace] Narrow klass base: 0x000001f102800000, Narrow klass shift: 0, Narrow klass range: 0x100000000
[2026-03-25T22:31:38.405+0900][0.691s][info][gc,start    ] GC(0) Pause Young (Normal) (G1 Evacuation Pause)
[2026-03-25T22:31:38.405+0900][0.691s][info][gc,task     ] GC(0) Using 6 workers of 13 for evacuation
[2026-03-25T22:31:38.407+0900][0.693s][info][gc,phases   ] GC(0)   Pre Evacuate Collection Set: 0.0ms
[2026-03-25T22:31:38.407+0900][0.693s][info][gc,phases   ] GC(0)   Merge Heap Roots: 0.0ms
[2026-03-25T22:31:38.407+0900][0.693s][info][gc,phases   ] GC(0)   Evacuate Collection Set: 1.3ms
[2026-03-25T22:31:38.407+0900][0.693s][info][gc,phases   ] GC(0)   Post Evacuate Collection Set: 0.2ms
[2026-03-25T22:31:38.407+0900][0.693s][info][gc,phases   ] GC(0)   Other: 0.3ms
[2026-03-25T22:31:38.407+0900][0.693s][info][gc,heap     ] GC(0) Eden regions: 3->0(2)
[2026-03-25T22:31:38.407+0900][0.693s][info][gc,heap     ] GC(0) Survivor regions: 0->1(1)
[2026-03-25T22:31:38.407+0900][0.693s][info][gc,heap     ] GC(0) Old regions: 0->0
[2026-03-25T22:31:38.407+0900][0.693s][info][gc,heap     ] GC(0) Archive regions: 0->0
[2026-03-25T22:31:38.407+0900][0.693s][info][gc,heap     ] GC(0) Humongous regions: 1->1
[2026-03-25T22:31:38.407+0900][0.693s][info][gc,metaspace] GC(0) Metaspace: 1328K(1472K)->1328K(1472K) NonClass: 1200K(1280K)->1200K(1280K) Class: 128K(192K)->128K(192K)
[2026-03-25T22:31:38.407+0900][0.693s][info][gc          ] GC(0) Pause Young (Normal) (G1 Evacuation Pause) 15M->7M(256M) 2.176ms
[2026-03-25T22:31:38.407+0900][0.693s][info][gc,cpu      ] GC(0) User=0.00s Sys=0.00s Real=0.00s
[2026-03-25T22:31:38.945+0900][1.231s][info][gc,start    ] GC(1) Pause Young (Normal) (G1 Evacuation Pause)
[2026-03-25T22:31:38.945+0900][1.231s][info][gc,task     ] GC(1) Using 6 workers of 13 for evacuation
[2026-03-25T22:31:38.947+0900][1.232s][info][gc,phases   ] GC(1)   Pre Evacuate Collection Set: 0.1ms
[2026-03-25T22:31:38.947+0900][1.232s][info][gc,phases   ] GC(1)   Merge Heap Roots: 0.1ms
[2026-03-25T22:31:38.947+0900][1.233s][info][gc,phases   ] GC(1)   Evacuate Collection Set: 1.3ms
[2026-03-25T22:31:38.947+0900][1.233s][info][gc,phases   ] GC(1)   Post Evacuate Collection Set: 0.2ms
[2026-03-25T22:31:38.947+0900][1.233s][info][gc,phases   ] GC(1)   Other: 0.0ms
[2026-03-25T22:31:38.947+0900][1.233s][info][gc,heap     ] GC(1) Eden regions: 2->0(4)
[2026-03-25T22:31:38.947+0900][1.233s][info][gc,heap     ] GC(1) Survivor regions: 1->1(1)
[2026-03-25T22:31:38.947+0900][1.233s][info][gc,heap     ] GC(1) Old regions: 0->1
[2026-03-25T22:31:38.947+0900][1.233s][info][gc,heap     ] GC(1) Archive regions: 0->0
[2026-03-25T22:31:38.947+0900][1.233s][info][gc,heap     ] GC(1) Humongous regions: 2->2
[2026-03-25T22:31:38.947+0900][1.233s][info][gc,metaspace] GC(1) Metaspace: 1333K(1472K)->1333K(1472K) NonClass: 1205K(1280K)->1205K(1280K) Class: 128K(192K)->128K(192K)
[2026-03-25T22:31:38.947+0900][1.233s][info][gc          ] GC(1) Pause Young (Normal) (G1 Evacuation Pause) 18M->12M(256M) 2.009ms
[2026-03-25T22:31:38.947+0900][1.233s][info][gc,cpu      ] GC(1) User=0.00s Sys=0.00s Real=0.00s
[2026-03-25T22:31:40.071+0900][2.356s][info][gc,start    ] GC(2) Pause Young (Normal) (G1 Evacuation Pause)
[2026-03-25T22:31:40.071+0900][2.357s][info][gc,task     ] GC(2) Using 6 workers of 13 for evacuation
[2026-03-25T22:31:40.072+0900][2.358s][info][gc,phases   ] GC(2)   Pre Evacuate Collection Set: 0.0ms
[2026-03-25T22:31:40.072+0900][2.358s][info][gc,phases   ] GC(2)   Merge Heap Roots: 0.0ms
[2026-03-25T22:31:40.072+0900][2.358s][info][gc,phases   ] GC(2)   Evacuate Collection Set: 1.0ms
[2026-03-25T22:31:40.072+0900][2.358s][info][gc,phases   ] GC(2)   Post Evacuate Collection Set: 0.1ms
[2026-03-25T22:31:40.072+0900][2.358s][info][gc,phases   ] GC(2)   Other: 0.0ms
[2026-03-25T22:31:40.072+0900][2.358s][info][gc,heap     ] GC(2) Eden regions: 4->0(12)
[2026-03-25T22:31:40.072+0900][2.358s][info][gc,heap     ] GC(2) Survivor regions: 1->1(1)
[2026-03-25T22:31:40.072+0900][2.358s][info][gc,heap     ] GC(2) Old regions: 1->1
[2026-03-25T22:31:40.072+0900][2.358s][info][gc,heap     ] GC(2) Archive regions: 0->0
[2026-03-25T22:31:40.072+0900][2.358s][info][gc,heap     ] GC(2) Humongous regions: 3->3
[2026-03-25T22:31:40.072+0900][2.358s][info][gc,metaspace] GC(2) Metaspace: 1336K(1472K)->1336K(1472K) NonClass: 1208K(1280K)->1208K(1280K) Class: 128K(192K)->128K(192K)
[2026-03-25T22:31:40.072+0900][2.358s][info][gc          ] GC(2) Pause Young (Normal) (G1 Evacuation Pause) 32M->19M(256M) 1.455ms
[2026-03-25T22:31:40.072+0900][2.358s][info][gc,cpu      ] GC(2) User=0.00s Sys=0.00s Real=0.00s
[2026-03-25T22:31:43.478+0900][5.764s][info][gc,start    ] GC(3) Pause Young (Normal) (G1 Evacuation Pause)
[2026-03-25T22:31:43.478+0900][5.764s][info][gc,task     ] GC(3) Using 6 workers of 13 for evacuation
[2026-03-25T22:31:43.480+0900][5.766s][info][gc,phases   ] GC(3)   Pre Evacuate Collection Set: 0.0ms
[2026-03-25T22:31:43.481+0900][5.766s][info][gc,phases   ] GC(3)   Merge Heap Roots: 0.0ms
[2026-03-25T22:31:43.481+0900][5.766s][info][gc,phases   ] GC(3)   Evacuate Collection Set: 2.3ms
[2026-03-25T22:31:43.481+0900][5.767s][info][gc,phases   ] GC(3)   Post Evacuate Collection Set: 0.1ms
[2026-03-25T22:31:43.481+0900][5.767s][info][gc,phases   ] GC(3)   Other: 0.1ms
[2026-03-25T22:31:43.481+0900][5.767s][info][gc,heap     ] GC(3) Eden regions: 12->0(12)
[2026-03-25T22:31:43.481+0900][5.767s][info][gc,heap     ] GC(3) Survivor regions: 1->2(2)
[2026-03-25T22:31:43.481+0900][5.767s][info][gc,heap     ] GC(3) Old regions: 1->3
[2026-03-25T22:31:43.481+0900][5.767s][info][gc,heap     ] GC(3) Archive regions: 0->0
[2026-03-25T22:31:43.481+0900][5.767s][info][gc,heap     ] GC(3) Humongous regions: 7->7
[2026-03-25T22:31:43.481+0900][5.767s][info][gc,metaspace] GC(3) Metaspace: 1364K(1536K)->1364K(1536K) NonClass: 1236K(1344K)->1236K(1344K) Class: 128K(192K)->128K(192K)
[2026-03-25T22:31:43.481+0900][5.767s][info][gc          ] GC(3) Pause Young (Normal) (G1 Evacuation Pause) 83M->44M(256M) 2.840ms
[2026-03-25T22:31:43.481+0900][5.767s][info][gc,cpu      ] GC(3) User=0.00s Sys=0.08s Real=0.00s
[2026-03-25T22:31:46.707+0900][8.992s][info][gc,start    ] GC(4) Pause Young (Normal) (G1 Evacuation Pause)
[2026-03-25T22:31:46.707+0900][8.992s][info][gc,task     ] GC(4) Using 6 workers of 13 for evacuation
[2026-03-25T22:31:46.708+0900][8.993s][info][gc,phases   ] GC(4)   Pre Evacuate Collection Set: 0.0ms
[2026-03-25T22:31:46.708+0900][8.993s][info][gc,phases   ] GC(4)   Merge Heap Roots: 0.0ms
[2026-03-25T22:31:46.708+0900][8.993s][info][gc,phases   ] GC(4)   Evacuate Collection Set: 1.0ms
[2026-03-25T22:31:46.708+0900][8.993s][info][gc,phases   ] GC(4)   Post Evacuate Collection Set: 0.1ms
[2026-03-25T22:31:46.708+0900][8.993s][info][gc,phases   ] GC(4)   Other: 0.1ms
[2026-03-25T22:31:46.708+0900][8.993s][info][gc,heap     ] GC(4) Eden regions: 12->0(20)
[2026-03-25T22:31:46.708+0900][8.993s][info][gc,heap     ] GC(4) Survivor regions: 2->2(2)
[2026-03-25T22:31:46.708+0900][8.993s][info][gc,heap     ] GC(4) Old regions: 3->3
[2026-03-25T22:31:46.708+0900][8.993s][info][gc,heap     ] GC(4) Archive regions: 0->0
[2026-03-25T22:31:46.708+0900][8.993s][info][gc,heap     ] GC(4) Humongous regions: 12->7
[2026-03-25T22:31:46.708+0900][8.993s][info][gc,metaspace] GC(4) Metaspace: 1392K(1536K)->1392K(1536K) NonClass: 1263K(1344K)->1263K(1344K) Class: 128K(192K)->128K(192K)
[2026-03-25T22:31:46.708+0900][8.994s][info][gc          ] GC(4) Pause Young (Normal) (G1 Evacuation Pause) 112M->46M(256M) 1.508ms
[2026-03-25T22:31:46.708+0900][8.994s][info][gc,cpu      ] GC(4) User=0.00s Sys=0.00s Real=0.00s
[2026-03-25T22:31:52.185+0900][14.471s][info][gc,start    ] GC(5) Pause Young (Normal) (G1 Evacuation Pause)
[2026-03-25T22:31:52.185+0900][14.471s][info][gc,task     ] GC(5) Using 6 workers of 13 for evacuation
[2026-03-25T22:31:52.186+0900][14.472s][info][gc,phases   ] GC(5)   Pre Evacuate Collection Set: 0.0ms
[2026-03-25T22:31:52.186+0900][14.472s][info][gc,phases   ] GC(5)   Merge Heap Roots: 0.0ms
[2026-03-25T22:31:52.186+0900][14.472s][info][gc,phases   ] GC(5)   Evacuate Collection Set: 0.8ms
[2026-03-25T22:31:52.186+0900][14.472s][info][gc,phases   ] GC(5)   Post Evacuate Collection Set: 0.1ms
[2026-03-25T22:31:52.186+0900][14.472s][info][gc,phases   ] GC(5)   Other: 0.0ms
[2026-03-25T22:31:52.186+0900][14.472s][info][gc,heap     ] GC(5) Eden regions: 20->0(36)
[2026-03-25T22:31:52.186+0900][14.472s][info][gc,heap     ] GC(5) Survivor regions: 2->2(3)
[2026-03-25T22:31:52.186+0900][14.472s][info][gc,heap     ] GC(5) Old regions: 3->3
[2026-03-25T22:31:52.186+0900][14.472s][info][gc,heap     ] GC(5) Archive regions: 0->0
[2026-03-25T22:31:52.186+0900][14.472s][info][gc,heap     ] GC(5) Humongous regions: 13->5
[2026-03-25T22:31:52.186+0900][14.472s][info][gc,metaspace] GC(5) Metaspace: 1402K(1536K)->1402K(1536K) NonClass: 1273K(1344K)->1273K(1344K) Class: 128K(192K)->128K(192K)
[2026-03-25T22:31:52.186+0900][14.472s][info][gc          ] GC(5) Pause Young (Normal) (G1 Evacuation Pause) 150M->37M(256M) 1.244ms
[2026-03-25T22:31:52.186+0900][14.472s][info][gc,cpu      ] GC(5) User=0.00s Sys=0.00s Real=0.00s
[2026-03-25T22:31:53.851+0900][16.137s][info][gc,heap,exit] Heap
[2026-03-25T22:31:53.851+0900][16.137s][info][gc,heap,exit]  garbage-first heap   total 262144K, used 71063K [0x00000000e0000000, 0x0000000100000000)
[2026-03-25T22:31:53.851+0900][16.137s][info][gc,heap,exit]   region size 4096K, 8 young (32768K), 2 survivors (8192K)
[2026-03-25T22:31:53.851+0900][16.137s][info][gc,heap,exit]  Metaspace       used 1404K, committed 1536K, reserved 1114112K
[2026-03-25T22:31:53.851+0900][16.137s][info][gc,heap,exit]   class space    used 129K, committed 192K, reserved 1048576K
