[2026-03-25T22:30:53.274+0900][0.009s][info][gc,init] CardTable entry size: 512
[2026-03-25T22:30:53.274+0900][0.009s][info][gc     ] Using Parallel
[2026-03-25T22:30:53.275+0900][0.010s][info][gc,init] Version: 20.0.2+9-78 (release)
[2026-03-25T22:30:53.275+0900][0.010s][info][gc,init] CPUs: 16 total, 16 available
[2026-03-25T22:30:53.275+0900][0.010s][info][gc,init] Memory: 32612M
[2026-03-25T22:30:53.275+0900][0.010s][info][gc,init] Large Page Support: Disabled
[2026-03-25T22:30:53.275+0900][0.010s][info][gc,init] NUMA Support: Disabled
[2026-03-25T22:30:53.275+0900][0.010s][info][gc,init] Compressed Oops: Enabled (32-bit)
[2026-03-25T22:30:53.275+0900][0.010s][info][gc,init] Alignments: Space 512K, Generation 512K, Heap 2M
[2026-03-25T22:30:53.275+0900][0.010s][info][gc,init] Heap Min Capacity: 256M
[2026-03-25T22:30:53.275+0900][0.010s][info][gc,init] Heap Initial Capacity: 256M
[2026-03-25T22:30:53.275+0900][0.010s][info][gc,init] Heap Max Capacity: 512M
[2026-03-25T22:30:53.275+0900][0.010s][info][gc,init] Pre-touch: Disabled
[2026-03-25T22:30:53.275+0900][0.010s][info][gc,init] Parallel Workers: 4
[2026-03-25T22:30:53.282+0900][0.016s][info][gc,metaspace] CDS archive(s) mapped at: [0x0000021daf000000-0x0000021dafc60000-0x0000021dafc60000), size 12976128, SharedBaseAddress: 0x0000021daf000000, ArchiveRelocationMode: 1.
[2026-03-25T22:30:53.282+0900][0.016s][info][gc,metaspace] Compressed class space mapped at: 0x0000021db0000000-0x0000021df0000000, reserved size: 1073741824
[2026-03-25T22:30:53.282+0900][0.016s][info][gc,metaspace] Narrow klass base: 0x0000021daf000000, Narrow klass shift: 0, Narrow klass range: 0x100000000
[2026-03-25T22:30:54.544+0900][1.278s][info][gc,start    ] GC(0) Pause Young (Allocation Failure)
[2026-03-25T22:30:54.547+0900][1.281s][info][gc,heap     ] GC(0) PSYoungGen: 65416K(76288K)->6073K(76288K) Eden: 65416K(65536K)->0K(65536K) From: 0K(10752K)->6073K(10752K)
[2026-03-25T22:30:54.547+0900][1.281s][info][gc,heap     ] GC(0) ParOldGen: 0K(175104K)->16K(175104K)
[2026-03-25T22:30:54.547+0900][1.281s][info][gc,metaspace] GC(0) Metaspace: 1388K(1536K)->1388K(1536K) NonClass: 1259K(1344K)->1259K(1344K) Class: 129K(192K)->129K(192K)
[2026-03-25T22:30:54.547+0900][1.281s][info][gc          ] GC(0) Pause Young (Allocation Failure) 63M->5M(245M) 2.819ms
[2026-03-25T22:30:54.547+0900][1.281s][info][gc,cpu      ] GC(0) User=0.00s Sys=0.00s Real=0.00s
[2026-03-25T22:30:55.932+0900][2.666s][info][gc,start    ] GC(1) Pause Young (Allocation Failure)
[2026-03-25T22:30:55.934+0900][2.668s][info][gc,heap     ] GC(1) PSYoungGen: 71379K(76288K)->10217K(76288K) Eden: 65305K(65536K)->0K(65536K) From: 6073K(10752K)->10217K(10752K)
[2026-03-25T22:30:55.934+0900][2.668s][info][gc,heap     ] GC(1) ParOldGen: 16K(175104K)->1048K(175104K)
[2026-03-25T22:30:55.934+0900][2.668s][info][gc,metaspace] GC(1) Metaspace: 1409K(1536K)->1409K(1536K) NonClass: 1280K(1344K)->1280K(1344K) Class: 129K(192K)->129K(192K)
[2026-03-25T22:30:55.934+0900][2.668s][info][gc          ] GC(1) Pause Young (Allocation Failure) 69M->11M(245M) 2.161ms
[2026-03-25T22:30:55.934+0900][2.668s][info][gc,cpu      ] GC(1) User=0.05s Sys=0.02s Real=0.00s
[2026-03-25T22:30:57.342+0900][4.076s][info][gc,start    ] GC(2) Pause Young (Allocation Failure)
[2026-03-25T22:30:57.344+0900][4.078s][info][gc,heap     ] GC(2) PSYoungGen: 75361K(76288K)->10233K(76288K) Eden: 65143K(65536K)->0K(65536K) From: 10217K(10752K)->10233K(10752K)
[2026-03-25T22:30:57.344+0900][4.078s][info][gc,heap     ] GC(2) ParOldGen: 1048K(175104K)->5152K(175104K)
[2026-03-25T22:30:57.344+0900][4.078s][info][gc,metaspace] GC(2) Metaspace: 1412K(1536K)->1412K(1536K) NonClass: 1283K(1344K)->1283K(1344K) Class: 129K(192K)->129K(192K)
[2026-03-25T22:30:57.344+0900][4.078s][info][gc          ] GC(2) Pause Young (Allocation Failure) 74M->15M(245M) 2.313ms
[2026-03-25T22:30:57.344+0900][4.078s][info][gc,cpu      ] GC(2) User=0.00s Sys=0.00s Real=0.00s
[2026-03-25T22:30:58.753+0900][5.487s][info][gc,start    ] GC(3) Pause Young (Allocation Failure)
[2026-03-25T22:30:58.755+0900][5.489s][info][gc,heap     ] GC(3) PSYoungGen: 75731K(76288K)->10265K(76288K) Eden: 65497K(65536K)->0K(65536K) From: 10233K(10752K)->10265K(10752K)
[2026-03-25T22:30:58.755+0900][5.489s][info][gc,heap     ] GC(3) ParOldGen: 5152K(175104K)->10272K(175104K)
[2026-03-25T22:30:58.755+0900][5.489s][info][gc,metaspace] GC(3) Metaspace: 1412K(1536K)->1412K(1536K) NonClass: 1283K(1344K)->1283K(1344K) Class: 129K(192K)->129K(192K)
[2026-03-25T22:30:58.755+0900][5.489s][info][gc          ] GC(3) Pause Young (Allocation Failure) 78M->20M(245M) 2.187ms
[2026-03-25T22:30:58.755+0900][5.489s][info][gc,cpu      ] GC(3) User=0.00s Sys=0.00s Real=0.00s
[2026-03-25T22:31:00.164+0900][6.898s][info][gc,start    ] GC(4) Pause Young (Allocation Failure)
[2026-03-25T22:31:00.166+0900][6.900s][info][gc,heap     ] GC(4) PSYoungGen: 75796K(76288K)->10249K(74752K) Eden: 65530K(65536K)->0K(64000K) From: 10265K(10752K)->10249K(10752K)
[2026-03-25T22:31:00.166+0900][6.900s][info][gc,heap     ] GC(4) ParOldGen: 10272K(175104K)->15400K(175104K)
[2026-03-25T22:31:00.166+0900][6.900s][info][gc,metaspace] GC(4) Metaspace: 1412K(1536K)->1412K(1536K) NonClass: 1283K(1344K)->1283K(1344K) Class: 129K(192K)->129K(192K)
[2026-03-25T22:31:00.166+0900][6.900s][info][gc          ] GC(4) Pause Young (Allocation Failure) 84M->25M(244M) 2.080ms
[2026-03-25T22:31:00.166+0900][6.900s][info][gc,cpu      ] GC(4) User=0.00s Sys=0.00s Real=0.00s
[2026-03-25T22:31:01.544+0900][8.278s][info][gc,start    ] GC(5) Pause Young (Allocation Failure)
[2026-03-25T22:31:01.546+0900][8.281s][info][gc,heap     ] GC(5) PSYoungGen: 74111K(74752K)->12329K(75264K) Eden: 63862K(64000K)->0K(62464K) From: 10249K(10752K)->12329K(12800K)
[2026-03-25T22:31:01.546+0900][8.281s][info][gc,heap     ] GC(5) ParOldGen: 15400K(175104K)->17456K(175104K)
[2026-03-25T22:31:01.546+0900][8.281s][info][gc,metaspace] GC(5) Metaspace: 1414K(1536K)->1414K(1536K) NonClass: 1285K(1344K)->1285K(1344K) Class: 129K(192K)->129K(192K)
[2026-03-25T22:31:01.546+0900][8.281s][info][gc          ] GC(5) Pause Young (Allocation Failure) 87M->29M(244M) 2.370ms
[2026-03-25T22:31:01.546+0900][8.281s][info][gc,cpu      ] GC(5) User=0.00s Sys=0.00s Real=0.00s
[2026-03-25T22:31:02.865+0900][9.599s][info][gc,start    ] GC(6) Pause Young (Allocation Failure)
[2026-03-25T22:31:02.868+0900][9.602s][info][gc,heap     ] GC(6) PSYoungGen: 74651K(75264K)->11456K(73216K) Eden: 62322K(62464K)->0K(61440K) From: 12329K(12800K)->11456K(11776K)
[2026-03-25T22:31:02.868+0900][9.602s][info][gc,heap     ] GC(6) ParOldGen: 17456K(175104K)->23520K(175104K)
[2026-03-25T22:31:02.868+0900][9.602s][info][gc,metaspace] GC(6) Metaspace: 1414K(1536K)->1414K(1536K) NonClass: 1285K(1344K)->1285K(1344K) Class: 129K(192K)->129K(192K)
[2026-03-25T22:31:02.868+0900][9.602s][info][gc          ] GC(6) Pause Young (Allocation Failure) 89M->34M(242M) 3.523ms
[2026-03-25T22:31:02.868+0900][9.602s][info][gc,cpu      ] GC(6) User=0.00s Sys=0.00s Real=0.00s
[2026-03-25T22:31:04.217+0900][10.951s][info][gc,start    ] GC(7) Pause Young (Allocation Failure)
[2026-03-25T22:31:04.219+0900][10.953s][info][gc,heap     ] GC(7) PSYoungGen: 72710K(73216K)->13440K(74752K) Eden: 61254K(61440K)->0K(60416K) From: 11456K(11776K)->13440K(14336K)
[2026-03-25T22:31:04.219+0900][10.953s][info][gc,heap     ] GC(7) ParOldGen: 23520K(175104K)->25632K(175104K)
[2026-03-25T22:31:04.219+0900][10.953s][info][gc,metaspace] GC(7) Metaspace: 1414K(1536K)->1414K(1536K) NonClass: 1285K(1344K)->1285K(1344K) Class: 129K(192K)->129K(192K)
[2026-03-25T22:31:04.219+0900][10.953s][info][gc          ] GC(7) Pause Young (Allocation Failure) 93M->38M(244M) 2.202ms
[2026-03-25T22:31:04.219+0900][10.953s][info][gc,cpu      ] GC(7) User=0.00s Sys=0.00s Real=0.00s
[2026-03-25T22:31:05.477+0900][12.211s][info][gc,start    ] GC(8) Pause Young (Allocation Failure)
[2026-03-25T22:31:05.479+0900][12.213s][info][gc,heap     ] GC(8) PSYoungGen: 73617K(74752K)->12416K(72192K) Eden: 60177K(60416K)->0K(59392K) From: 13440K(14336K)->12416K(12800K)
[2026-03-25T22:31:05.479+0900][12.213s][info][gc,heap     ] GC(8) ParOldGen: 25632K(175104K)->31832K(175104K)
[2026-03-25T22:31:05.479+0900][12.213s][info][gc,metaspace] GC(8) Metaspace: 1414K(1536K)->1414K(1536K) NonClass: 1285K(1344K)->1285K(1344K) Class: 129K(192K)->129K(192K)
[2026-03-25T22:31:05.479+0900][12.213s][info][gc          ] GC(8) Pause Young (Allocation Failure) 96M->43M(241M) 1.928ms
[2026-03-25T22:31:05.479+0900][12.213s][info][gc,cpu      ] GC(8) User=0.05s Sys=0.02s Real=0.00s
[2026-03-25T22:31:06.767+0900][13.501s][info][gc,start    ] GC(9) Pause Young (Allocation Failure)
[2026-03-25T22:31:06.771+0900][13.505s][info][gc,heap     ] GC(9) PSYoungGen: 71770K(72192K)->9312K(72704K) Eden: 59354K(59392K)->0K(58368K) From: 12416K(12800K)->9312K(14336K)
[2026-03-25T22:31:06.771+0900][13.505s][info][gc,heap     ] GC(9) ParOldGen: 31832K(175104K)->39048K(175104K)
[2026-03-25T22:31:06.771+0900][13.505s][info][gc,metaspace] GC(9) Metaspace: 1414K(1536K)->1414K(1536K) NonClass: 1285K(1344K)->1285K(1344K) Class: 129K(192K)->129K(192K)
[2026-03-25T22:31:06.771+0900][13.505s][info][gc          ] GC(9) Pause Young (Allocation Failure) 101M->47M(242M) 4.179ms
[2026-03-25T22:31:06.771+0900][13.505s][info][gc,cpu      ] GC(9) User=0.00s Sys=0.00s Real=0.00s
[2026-03-25T22:31:08.028+0900][14.762s][info][gc,start    ] GC(10) Pause Young (Allocation Failure)
[2026-03-25T22:31:08.031+0900][14.766s][info][gc,heap     ] GC(10) PSYoungGen: 67468K(72704K)->4160K(61952K) Eden: 58155K(58368K)->0K(57344K) From: 9312K(14336K)->4160K(4608K)
[2026-03-25T22:31:08.031+0900][14.766s][info][gc,heap     ] GC(10) ParOldGen: 39048K(175104K)->48328K(175104K)
[2026-03-25T22:31:08.031+0900][14.766s][info][gc,metaspace] GC(10) Metaspace: 1414K(1536K)->1414K(1536K) NonClass: 1285K(1344K)->1285K(1344K) Class: 129K(192K)->129K(192K)
[2026-03-25T22:31:08.031+0900][14.766s][info][gc          ] GC(10) Pause Young (Allocation Failure) 104M->51M(231M) 3.633ms
[2026-03-25T22:31:08.031+0900][14.766s][info][gc,cpu      ] GC(10) User=0.00s Sys=0.00s Real=0.00s
[2026-03-25T22:31:09.258+0900][15.992s][info][gc,start    ] GC(11) Pause Young (Allocation Failure)
[2026-03-25T22:31:09.259+0900][15.993s][info][gc,heap     ] GC(11) PSYoungGen: 61471K(61952K)->4192K(72192K) Eden: 57311K(57344K)->0K(56320K) From: 4160K(4608K)->4192K(15872K)
[2026-03-25T22:31:09.259+0900][15.993s][info][gc,heap     ] GC(11) ParOldGen: 48328K(175104K)->52464K(175104K)
[2026-03-25T22:31:09.259+0900][15.993s][info][gc,metaspace] GC(11) Metaspace: 1414K(1536K)->1414K(1536K) NonClass: 1285K(1344K)->1285K(1344K) Class: 129K(192K)->129K(192K)
[2026-03-25T22:31:09.259+0900][15.993s][info][gc          ] GC(11) Pause Young (Allocation Failure) 107M->55M(241M) 1.593ms
[2026-03-25T22:31:09.259+0900][15.993s][info][gc,cpu      ] GC(11) User=0.00s Sys=0.00s Real=0.00s
[2026-03-25T22:31:10.459+0900][17.193s][info][gc,start    ] GC(12) Pause Young (Allocation Failure)
[2026-03-25T22:31:10.460+0900][17.194s][info][gc,heap     ] GC(12) PSYoungGen: 60497K(72192K)->4160K(59904K) Eden: 56304K(56320K)->0K(55296K) From: 4192K(15872K)->4160K(4608K)
[2026-03-25T22:31:10.460+0900][17.194s][info][gc,heap     ] GC(12) ParOldGen: 52464K(175104K)->56601K(175104K)
[2026-03-25T22:31:10.460+0900][17.194s][info][gc,metaspace] GC(12) Metaspace: 1414K(1536K)->1414K(1536K) NonClass: 1285K(1344K)->1285K(1344K) Class: 129K(192K)->129K(192K)
[2026-03-25T22:31:10.460+0900][17.194s][info][gc          ] GC(12) Pause Young (Allocation Failure) 110M->59M(229M) 1.435ms
[2026-03-25T22:31:10.460+0900][17.194s][info][gc,cpu      ] GC(12) User=0.00s Sys=0.00s Real=0.00s
[2026-03-25T22:31:11.449+0900][18.184s][info][gc,heap,exit] Heap
[2026-03-25T22:31:11.449+0900][18.184s][info][gc,heap,exit]  PSYoungGen      total 59904K, used 49950K [0x00000000f5580000, 0x00000000fab80000, 0x0000000100000000)
[2026-03-25T22:31:11.449+0900][18.184s][info][gc,heap,exit]   eden space 55296K, 82% used [0x00000000f5580000,0x00000000f8237bb0,0x00000000f8b80000)
[2026-03-25T22:31:11.449+0900][18.184s][info][gc,heap,exit]   from space 4608K, 90% used [0x00000000f8c80000,0x00000000f9090040,0x00000000f9100000)
[2026-03-25T22:31:11.449+0900][18.184s][info][gc,heap,exit]   to   space 16384K, 0% used [0x00000000f9b80000,0x00000000f9b80000,0x00000000fab80000)
[2026-03-25T22:31:11.450+0900][18.184s][info][gc,heap,exit]  ParOldGen       total 175104K, used 56601K [0x00000000e0000000, 0x00000000eab00000, 0x00000000f5580000)
[2026-03-25T22:31:11.450+0900][18.184s][info][gc,heap,exit]   object space 175104K, 32% used [0x00000000e0000000,0x00000000e3746410,0x00000000eab00000)
[2026-03-25T22:31:11.450+0900][18.184s][info][gc,heap,exit]  Metaspace       used 1416K, committed 1536K, reserved 1114112K
[2026-03-25T22:31:11.450+0900][18.184s][info][gc,heap,exit]   class space    used 129K, committed 192K, reserved 1048576K
